/workspace/shared/flt-n25-w-basis-pole-bound/WBasisPoleBoundFamilyCheck.lean:24:0: warning: automatically included section variable(s) unused in theorem `MazurProof.N25F_WBasisPoleBound.wPolynomialBasis25Two_ne_zero`:
  [IsDomain A]
consider restructuring your `variable` declarations so that the variables are not in scope or explicitly omit them:
  omit [IsDomain A] in theorem ...

Note: This linter can be disabled with `set_option linter.unusedSectionVars false`
/workspace/shared/flt-n25-w-basis-pole-bound/WBasisPoleBoundFamilyCheck.lean:37:53: error(lean.unknownIdentifier): Unknown identifier `i`
/workspace/shared/flt-n25-w-basis-pole-bound/WBasisPoleBoundFamilyCheck.lean:38:52: error(lean.unknownIdentifier): Unknown identifier `i`
/workspace/shared/flt-n25-w-basis-pole-bound/WBasisPoleBoundFamilyCheck.lean:49:4: error: Type mismatch
  Finset.single_le_sum (fun j x => Nat.zero_le (?m.137 j)) (Finset.mem_univ i)
has type
  ?m.137 i ≤ ∑ x, ?m.137 x
but is expected to have type
  (-xOrder (wPolynomialBasisFunction25Two A hrank i)).toNat +
        (-yzOrder (wPolynomialBasisFunction25Two A hrank i)).toNat +
      (-zOrder (wPolynomialBasisFunction25Two A hrank i)).toNat ≤
    wPolynomialBasisPoleBound25Two A hrank xOrder yzOrder zOrder
'MazurProof.N25F_WBasisPoleBound.wPolynomialBasis25Two' depends on axioms: [propext, Classical.choice, Quot.sound]
'MazurProof.N25F_WBasisPoleBound.wPolynomialBasis25Two_ne_zero' depends on axioms: [propext,
 Classical.choice,
 Quot.sound]
'MazurProof.N25F_WBasisPoleBound.wPolynomialBasisFunction25Two' depends on axioms: [propext,
 Classical.choice,
 Quot.sound]
'MazurProof.N25F_WBasisPoleBound.wPolynomialBasisPoleBound25Two' depends on axioms: [propext,
 sorryAx,
 Classical.choice,
 Quot.sound]
'MazurProof.N25F_WBasisPoleBound.wPolynomialBasis_boundary_orders_bounded' depends on axioms: [propext,
 sorryAx,
 Classical.choice,
 Quot.sound]
