/workspace/shared/flt-n25-x-residue-functional/XSectionResidueFamilyCheck.lean:430:8: warning: automatically included section variable(s) unused in theorem `_private._stdin.0.MazurProof.N25F_XSectionResidue.xSectionScale_ne_zero`:
  [IsDomain R]
  [IsDiscreteValuationRing R]
consider restructuring your `variable` declarations so that the variables are not in scope or explicitly omit them:
  omit [IsDomain R] [IsDiscreteValuationRing R] in theorem ...

Note: This linter can be disabled with `set_option linter.unusedSectionVars false`
/workspace/shared/flt-n25-x-residue-functional/XSectionResidueFamilyCheck.lean:443:6: error: Invalid rewrite argument: Expected an equality or iff proof or definition name, but
  xSectionScale C R XPoint tau ?D
is a value of type
  L
/workspace/shared/flt-n25-x-residue-functional/XSectionResidueFamilyCheck.lean:542:6: error: Tactic `rewrite` failed: Did not find an occurrence of the pattern
  ↑(Additive.toMul (Additive.ofMul (Units.mk0 (↑f) hf))) ∈
    fullRiemannRochSpace25Two C principal hmin (D - Finsupp.single XPoint 1)
in the target expression
  0 < D XPoint + ((Ring.ordFrac R) ↑f).log ↔
    ↑f ∈ fullRiemannRochSpace25Two C principal hmin (D - Finsupp.single XPoint 1)

case neg
C : ClosedPointGrading
L : Type u_1
inst✝⁶ : Field L
inst✝⁵ : Algebra (ZMod 2) L
principal : Additive Lˣ →+ C.Divisor
hmin :
  ∀ (f g h : Additive Lˣ),
    ↑(Additive.toMul h) = ↑(Additive.toMul f) + ↑(Additive.toMul g) →
      ∀ (A : C.Atom), min ((principal f) A) ((principal g) A) ≤ (principal h) A
R : Type u_2
inst✝⁴ : CommRing R
inst✝³ : IsDomain R
inst✝² : IsDiscreteValuationRing R
inst✝¹ : Algebra R L
inst✝ : IsFractionRing R L
XPoint : C.Atom
hcoeff : ∀ (f : Additive Lˣ), (principal f) XPoint = boundaryOrder R f
e : IsLocalRing.ResidueField R ≃+* ZMod 2
tau : R
htaune : tau ≠ 0
htauorder : Ring.ord R tau = 1
D : C.Divisor
f : ↥(fullRiemannRochSpace25Two C principal hmin D)
hf : ¬↑f = 0
hg : xScaledSectionGerm25Two C principal hmin R XPoint hcoeff tau htaune htauorder D f ≠ 0
hs : (Ring.ordFrac R) (xSectionScale C R XPoint tau D) ≠ 0
hv : (Ring.ordFrac R) ↑f ≠ 0
⊢ 0 < D XPoint + ((Ring.ordFrac R) ↑f).log ↔
    ↑f ∈ fullRiemannRochSpace25Two C principal hmin (D - Finsupp.single XPoint 1)
'MazurProof.N25F_XSectionResidue.xScaledSectionGerm25Two' depends on axioms: [propext,
 sorryAx,
 Classical.choice,
 Quot.sound]
'MazurProof.N25F_XSectionResidue.xLocalToFraction_xScaledSectionGerm25Two' depends on axioms: [propext,
 sorryAx,
 Classical.choice,
 Quot.sound]
'MazurProof.N25F_XSectionResidue.xScaledSectionGerm25Two_add' depends on axioms: [propext,
 sorryAx,
 Classical.choice,
 Quot.sound]
'MazurProof.N25F_XSectionResidue.xLeadingResidue25Two' depends on axioms: [propext,
 sorryAx,
 Classical.choice,
 Quot.sound]
'MazurProof.N25F_XSectionResidue.xLeadingResidue25Two_eq_zero_iff' depends on axioms: [propext,
 sorryAx,
 Classical.choice,
 Quot.sound]
'MazurProof.N25F_XSectionResidue.ker_xLeadingResidue25Two' depends on axioms: [propext,
 sorryAx,
 Classical.choice,
 Quot.sound]
