/workspace/shared/flt-n25-xcoordinate-orders/XCoordinateOrdersCheck.lean:112:0: warning: automatically included section variable(s) unused in theorem `MazurProof.N25F_XLocalDVR.xW_mem_xPrime`:
  [IsDedekindDomain W]
consider restructuring your `variable` declarations so that the variables are not in scope or explicitly omit them:
  omit [IsDedekindDomain W] in theorem ...

Note: This linter can be disabled with `set_option linter.unusedSectionVars false`
/workspace/shared/flt-n25-xcoordinate-orders/XCoordinateOrdersCheck.lean:152:8: warning: automatically included section variable(s) unused in theorem `_private._stdin.0.MazurProof.N25F_XCoordinateOrders.coordinate_orders`:
  [IsDedekindDomain W]
consider restructuring your `variable` declarations so that the variables are not in scope or explicitly omit them:
  omit [IsDedekindDomain W] in theorem ...

Note: This linter can be disabled with `set_option linter.unusedSectionVars false`
/workspace/shared/flt-n25-xcoordinate-orders/XCoordinateOrdersCheck.lean:209:8: warning: automatically included section variable(s) unused in theorem `_private._stdin.0.MazurProof.N25F_XCoordinateOrders.x_quadric_relation`:
  [IsDedekindDomain W]
consider restructuring your `variable` declarations so that the variables are not in scope or explicitly omit them:
  omit [IsDedekindDomain W] in theorem ...

Note: This linter can be disabled with `set_option linter.unusedSectionVars false`
/workspace/shared/flt-n25-xcoordinate-orders/XCoordinateOrdersCheck.lean:214:8: warning: automatically included section variable(s) unused in theorem `_private._stdin.0.MazurProof.N25F_XCoordinateOrders.x_cubic_relation`:
  [IsDedekindDomain W]
consider restructuring your `variable` declarations so that the variables are not in scope or explicitly omit them:
  omit [IsDedekindDomain W] in theorem ...

Note: This linter can be disabled with `set_option linter.unusedSectionVars false`
/workspace/shared/flt-n25-xcoordinate-orders/XCoordinateOrdersCheck.lean:223:8: warning: automatically included section variable(s) unused in theorem `_private._stdin.0.MazurProof.N25F_XCoordinateOrders.germ_isUnit_of_eval_one`:
  [IsDedekindDomain W]
consider restructuring your `variable` declarations so that the variables are not in scope or explicitly omit them:
  omit [IsDedekindDomain W] in theorem ...

Note: This linter can be disabled with `set_option linter.unusedSectionVars false`
/workspace/shared/flt-n25-xcoordinate-orders/XCoordinateOrdersCheck.lean:232:8: warning: automatically included section variable(s) unused in theorem `_private._stdin.0.MazurProof.N25F_XCoordinateOrders.xYGerm_not_isUnit`:
  [IsDedekindDomain W]
consider restructuring your `variable` declarations so that the variables are not in scope or explicitly omit them:
  omit [IsDedekindDomain W] in theorem ...

Note: This linter can be disabled with `set_option linter.unusedSectionVars false`
/workspace/shared/flt-n25-xcoordinate-orders/XCoordinateOrdersCheck.lean:237:8: warning: automatically included section variable(s) unused in theorem `_private._stdin.0.MazurProof.N25F_XCoordinateOrders.xZGerm_not_isUnit`:
  [IsDedekindDomain W]
consider restructuring your `variable` declarations so that the variables are not in scope or explicitly omit them:
  omit [IsDedekindDomain W] in theorem ...

Note: This linter can be disabled with `set_option linter.unusedSectionVars false`
@xYGerm_ord_eq_one : ∀ [IsDedekindDomain W], Ring.ord XLocalRing xWGerm = 3 → Ring.ord XLocalRing xYGerm = 1
@xZGerm_ord_eq_two : ∀ [IsDedekindDomain W], Ring.ord XLocalRing xWGerm = 3 → Ring.ord XLocalRing xZGerm = 2
'MazurProof.N25F_XCoordinateOrders.xYGerm_ord_eq_one' depends on axioms: [propext, Classical.choice, Quot.sound]
'MazurProof.N25F_XCoordinateOrders.xZGerm_ord_eq_two' depends on axioms: [propext, Classical.choice, Quot.sound]
