/workspace/shared/flt-n25-infinity-norm-fraction/InfinityNormBoundarySumFamilyCheck.lean:117:0: warning: automatically included section variable(s) unused in theorem `MazurProof.N25F_InfinityNormFraction.infinity_norm_normalization`:
  [IsFractionRing N L]
consider restructuring your `variable` declarations so that the variables are not in scope or explicitly omit them:
  omit [IsFractionRing N L] in theorem ...

Note: This linter can be disabled with `set_option linter.unusedSectionVars false`
/workspace/shared/flt-n25-infinity-norm-fraction/InfinityNormBoundarySumFamilyCheck.lean:189:31: error: typeclass instance problem is stuck
  IsFractionRing ?m.287 L

Note: Lean will not try to resolve this typeclass instance problem because the first, second, and fifth type arguments to `IsFractionRing` contain metavariables. These arguments must be fully determined before Lean will try to resolve the typeclass.

Hint: Adding type annotations and supplying implicit arguments to functions can give Lean more information for typeclass resolution. For example, if you have a variable `x` that you intend to be a `Nat`, but Lean reports it as having an unresolved type like `?m`, replacing `x` with `(x : Nat)` can get typeclass resolution un-stuck.
'MazurProof.N25F_InfinityNormFraction.infinity_norm_normalization' depends on axioms: [propext,
 Classical.choice,
 Quot.sound]
'MazurProof.N25F_InfinityNormFraction.infinity_norm_fraction' depends on axioms: [propext, Classical.choice, Quot.sound]
'MazurProof.N25F_InfinityNormFraction.exists_normalization_fraction' depends on axioms: [propext,
 Classical.choice,
 Quot.sound]
'MazurProof.N25F_LocalFractionFactorOrder.log_ordFrac_atPrime_div' depends on axioms: [propext,
 Classical.choice,
 Quot.sound]
'MazurProof.N25F_InfinityNormBoundarySum.infinityBaseFractionOrder' depends on axioms: [propext,
 Classical.choice,
 Quot.sound]
'MazurProof.N25F_InfinityNormBoundarySum.infinity_norm_boundary_order_sum' depends on axioms: [propext,
 sorryAx,
 Classical.choice,
 Quot.sound]
