/workspace/shared/flt-n25-field-equivalence/XChartFractionEquivCheck.lean:468:2: warning: Try `simp at heq` instead of `simpa using heq`

Note: This linter can be disabled with `set_option linter.unnecessarySimpa false`
/workspace/shared/flt-n25-field-equivalence/XChartFractionEquivCheck.lean:473:0: warning: automatically included section variable(s) unused in theorem `MazurProof.N25F_XChartFractionMap.fraction_qx_ne_zero`:
  [IsDomain W]
consider restructuring your `variable` declarations so that the variables are not in scope or explicitly omit them:
  omit [IsDomain W] in theorem ...

Note: This linter can be disabled with `set_option linter.unusedSectionVars false`
/workspace/shared/flt-n25-field-equivalence/XChartFractionEquivCheck.lean:477:8: warning: automatically included section variable(s) unused in theorem `_private._stdin.0.MazurProof.N25F_XChartFractionMap.wChartPoint_eq`:
  [IsDomain W]
consider restructuring your `variable` declarations so that the variables are not in scope or explicitly omit them:
  omit [IsDomain W] in theorem ...

Note: This linter can be disabled with `set_option linter.unusedSectionVars false`
/workspace/shared/flt-n25-field-equivalence/XChartFractionEquivCheck.lean:507:8: warning: try 'simp' instead of 'simpa'

Note: This linter can be disabled with `set_option linter.unnecessarySimpa false`
/workspace/shared/flt-n25-field-equivalence/XChartFractionEquivCheck.lean:761:43: warning: This simp argument is unused:
  map_one

Hint: Omit it from the simp argument list.
  simp only [wChartToXChart_qz, map_add, m̵a̵p̵_̵o̵n̵e̵,̵ ̵xChartToWChart_xY,
  ̵  ̵ ̵ ̵ ̵ ̵xChartToWChart_xZ, xChartToWChart_xW]

Note: This linter can be disabled with `set_option linter.unusedSimpArgs false`
/workspace/shared/flt-n25-field-equivalence/XChartFractionEquivCheck.lean:916:2: warning: Try `simp at h01` instead of `simpa using h01`

Note: This linter can be disabled with `set_option linter.unnecessarySimpa false`
/workspace/shared/flt-n25-field-equivalence/XChartFractionEquivCheck.lean:952:2: error: Type mismatch
  IsFractionRing.liftAlgHom ⋯
has type
  @AlgHom (ZMod 2) ?m.15 (FractionRing W) CommRing.toCommSemiring Field.toSemifield.toDivisionSemiring.toSemiring
    Field.toSemifield.toDivisionSemiring.toSemiring ?m.22 OreLocalization.instAlgebra
but is expected to have type
  @AlgHom (ZMod 2) (FractionRing XChartRing) (FractionRing W) Field.toSemifield.toCommSemiring
    OreLocalization.instSemiring OreLocalization.instSemiring OreLocalization.instAlgebra OreLocalization.instAlgebra
/workspace/shared/flt-n25-field-equivalence/XChartFractionEquivCheck.lean:957:28: error: unsolved goals
inst✝ : IsDedekindDomain W
r : XChartRing
⊢ sorry ((algebraMap XChartRing (FractionRing XChartRing)) r) = xChartToFraction r
/workspace/shared/flt-n25-field-equivalence/XChartFractionEquivCheck.lean:958:8: warning: declaration uses `sorry`
/workspace/shared/flt-n25-field-equivalence/XChartFractionEquivCheck.lean:961:2: error: Application type mismatch: The argument
  xFractionToFraction.toRingHom
has type
  @RingHom (FractionRing XChartRing) (FractionRing W)
    (@Semiring.toNonAssocSemiring (FractionRing XChartRing) OreLocalization.instSemiring)
    OreLocalization.instSemiring.toNonAssocSemiring
but is expected to have type
  @RingHom ?m.12 (FractionRing W) (@Semiring.toNonAssocSemiring ?m.12 DivisionRing.toDivisionSemiring.toSemiring)
    DivisionRing.toDivisionSemiring.toNonAssocSemiring
in the application
  xFractionToFraction.fieldRange
/workspace/shared/flt-n25-field-equivalence/XChartFractionEquivCheck.lean:965:8: error: Invalid `⟨...⟩` notation: The expected type
  xFractionRange.toSubsemigroup.1 (xChartToFraction r)
is not an inductive type

Note: This notation can only be used when the expected type is an inductive type with a single constructor
/workspace/shared/flt-n25-field-equivalence/XChartFractionEquivCheck.lean:970:39: error: Application type mismatch: The argument
  xFractionToFraction.toRingHom
has type
  @RingHom (FractionRing XChartRing) (FractionRing W)
    (@Semiring.toNonAssocSemiring (FractionRing XChartRing) OreLocalization.instSemiring)
    OreLocalization.instSemiring.toNonAssocSemiring
but is expected to have type
  @RingHom ?m.13 (FractionRing W) (@Semiring.toNonAssocSemiring ?m.13 DivisionRing.toDivisionSemiring.toSemiring)
    DivisionRing.toDivisionSemiring.toNonAssocSemiring
in the application
  xFractionToFraction.fieldRange
/workspace/shared/flt-n25-field-equivalence/XChartFractionEquivCheck.lean:976:39: error: Application type mismatch: The argument
  xFractionToFraction.toRingHom
has type
  @RingHom (FractionRing XChartRing) (FractionRing W)
    (@Semiring.toNonAssocSemiring (FractionRing XChartRing) OreLocalization.instSemiring)
    OreLocalization.instSemiring.toNonAssocSemiring
but is expected to have type
  @RingHom ?m.13 (FractionRing W) (@Semiring.toNonAssocSemiring ?m.13 DivisionRing.toDivisionSemiring.toSemiring)
    DivisionRing.toDivisionSemiring.toNonAssocSemiring
in the application
  xFractionToFraction.fieldRange
/workspace/shared/flt-n25-field-equivalence/XChartFractionEquivCheck.lean:982:39: error: Application type mismatch: The argument
  xFractionToFraction.toRingHom
has type
  @RingHom (FractionRing XChartRing) (FractionRing W)
    (@Semiring.toNonAssocSemiring (FractionRing XChartRing) OreLocalization.instSemiring)
    OreLocalization.instSemiring.toNonAssocSemiring
but is expected to have type
  @RingHom ?m.13 (FractionRing W) (@Semiring.toNonAssocSemiring ?m.13 DivisionRing.toDivisionSemiring.toSemiring)
    DivisionRing.toDivisionSemiring.toNonAssocSemiring
in the application
  xFractionToFraction.fieldRange
/workspace/shared/flt-n25-field-equivalence/XChartFractionEquivCheck.lean:988:38: error: Application type mismatch: The argument
  xFractionToFraction.toRingHom
has type
  @RingHom (FractionRing XChartRing) (FractionRing W)
    (@Semiring.toNonAssocSemiring (FractionRing XChartRing) OreLocalization.instSemiring)
    OreLocalization.instSemiring.toNonAssocSemiring
but is expected to have type
  @RingHom ?m.13 (FractionRing W) (@Semiring.toNonAssocSemiring ?m.13 DivisionRing.toDivisionSemiring.toSemiring)
    DivisionRing.toDivisionSemiring.toNonAssocSemiring
in the application
  xFractionToFraction.fieldRange
/workspace/shared/flt-n25-field-equivalence/XChartFractionEquivCheck.lean:1016:32: error(lean.unknownIdentifier): Unknown identifier `wChart_algebraMap_mem_range`
/workspace/shared/flt-n25-field-equivalence/XChartFractionEquivCheck.lean:1017:5: error(lean.unknownIdentifier): Unknown identifier `wChart_algebraMap_mem_range`
/workspace/shared/flt-n25-field-equivalence/XChartFractionEquivCheck.lean:1022:5: error(lean.synthInstanceFailed): failed to synthesize instance of type class
  IsSimpleRing (FractionRing XChartRing)

Hint: Type class instance resolution failures can be inspected with the `set_option trace.Meta.synthInstance true` command.
MazurProof.N25F_XChartFractionEquiv.xFractionToFraction : FractionRing
    MazurProof.RationalPointsN25QuotientTwoWBoundaryChartArtin.XChartRing →ₐ[ZMod 2]
  FractionRing MazurProof.N25F_NonBoundaryPrincipalDivisor.W
'MazurProof.N25F_XChartFractionEquiv.xFractionToFraction' depends on axioms: [propext,
 sorryAx,
 Classical.choice,
 Quot.sound]
@MazurProof.N25F_XChartFractionEquiv.xFractionToFraction_algebraMap : ∀
  [inst : IsDedekindDomain MazurProof.N25F_NonBoundaryPrincipalDivisor.W]
  (r : MazurProof.RationalPointsN25QuotientTwoWBoundaryChartArtin.XChartRing),
  MazurProof.N25F_XChartFractionEquiv.xFractionToFraction
      ((algebraMap MazurProof.RationalPointsN25QuotientTwoWBoundaryChartArtin.XChartRing
          (FractionRing MazurProof.RationalPointsN25QuotientTwoWBoundaryChartArtin.XChartRing))
        r) =
    MazurProof.N25F_XChartFractionMap.xChartToFraction r
'MazurProof.N25F_XChartFractionEquiv.xFractionToFraction_algebraMap' depends on axioms: [propext,
 sorryAx,
 Classical.choice,
 Quot.sound]
/workspace/shared/flt-n25-field-equivalence/XChartFractionEquivCheck.lean:1057:8: error(lean.unknownIdentifier): Unknown identifier `MazurProof.N25F_XChartFractionEquiv.fraction_qx_mem_range`
/workspace/shared/flt-n25-field-equivalence/XChartFractionEquivCheck.lean:1058:14: error(lean.unknownIdentifier): Unknown constant `MazurProof.N25F_XChartFractionEquiv.fraction_qx_mem_range`
/workspace/shared/flt-n25-field-equivalence/XChartFractionEquivCheck.lean:1059:8: error(lean.unknownIdentifier): Unknown identifier `MazurProof.N25F_XChartFractionEquiv.fraction_qy_mem_range`
/workspace/shared/flt-n25-field-equivalence/XChartFractionEquivCheck.lean:1060:14: error(lean.unknownIdentifier): Unknown constant `MazurProof.N25F_XChartFractionEquiv.fraction_qy_mem_range`
/workspace/shared/flt-n25-field-equivalence/XChartFractionEquivCheck.lean:1061:8: error(lean.unknownIdentifier): Unknown identifier `MazurProof.N25F_XChartFractionEquiv.fraction_qz_mem_range`
/workspace/shared/flt-n25-field-equivalence/XChartFractionEquivCheck.lean:1062:14: error(lean.unknownIdentifier): Unknown constant `MazurProof.N25F_XChartFractionEquiv.fraction_qz_mem_range`
/workspace/shared/flt-n25-field-equivalence/XChartFractionEquivCheck.lean:1063:8: error(lean.unknownIdentifier): Unknown identifier `MazurProof.N25F_XChartFractionEquiv.wChart_algebraMap_mem_range`
/workspace/shared/flt-n25-field-equivalence/XChartFractionEquivCheck.lean:1064:14: error(lean.unknownIdentifier): Unknown constant `MazurProof.N25F_XChartFractionEquiv.wChart_algebraMap_mem_range`
@MazurProof.N25F_XChartFractionEquiv.xFractionToFraction_surjective : ∀
  [IsDedekindDomain MazurProof.N25F_NonBoundaryPrincipalDivisor.W],
  Function.Surjective ⇑MazurProof.N25F_XChartFractionEquiv.xFractionToFraction
'MazurProof.N25F_XChartFractionEquiv.xFractionToFraction_surjective' depends on axioms: [propext,
 sorryAx,
 Classical.choice,
 Quot.sound]
@MazurProof.N25F_XChartFractionEquiv.xChartFractionAlgEquiv : [IsDedekindDomain
      MazurProof.N25F_NonBoundaryPrincipalDivisor.W] →
  FractionRing MazurProof.RationalPointsN25QuotientTwoWBoundaryChartArtin.XChartRing ≃ₐ[ZMod 2]
    FractionRing MazurProof.N25F_NonBoundaryPrincipalDivisor.W
'MazurProof.N25F_XChartFractionEquiv.xChartFractionAlgEquiv' depends on axioms: [propext,
 sorryAx,
 Classical.choice,
 Quot.sound]
@MazurProof.N25F_XChartFractionEquiv.xChartFractionAlgEquiv_algebraMap : ∀
  [inst : IsDedekindDomain MazurProof.N25F_NonBoundaryPrincipalDivisor.W]
  (r : MazurProof.RationalPointsN25QuotientTwoWBoundaryChartArtin.XChartRing),
  MazurProof.N25F_XChartFractionEquiv.xChartFractionAlgEquiv
      ((algebraMap MazurProof.RationalPointsN25QuotientTwoWBoundaryChartArtin.XChartRing
          (FractionRing MazurProof.RationalPointsN25QuotientTwoWBoundaryChartArtin.XChartRing))
        r) =
    MazurProof.N25F_XChartFractionMap.xChartToFraction r
'MazurProof.N25F_XChartFractionEquiv.xChartFractionAlgEquiv_algebraMap' depends on axioms: [propext,
 sorryAx,
 Classical.choice,
 Quot.sound]
@MazurProof.N25F_XChartFractionEquiv.xChartToFraction_isFractionRing : ∀
  [inst : IsDedekindDomain MazurProof.N25F_NonBoundaryPrincipalDivisor.W],
  IsFractionRing MazurProof.RationalPointsN25QuotientTwoWBoundaryChartArtin.XChartRing
    (FractionRing MazurProof.N25F_NonBoundaryPrincipalDivisor.W)
'MazurProof.N25F_XChartFractionEquiv.xChartToFraction_isFractionRing' depends on axioms: [propext,
 sorryAx,
 Classical.choice,
 Quot.sound]
