/workspace/shared/flt-n25-affine-regular-lift/WAffineConditionCostFamilyCheck.lean:273:12: warning: `mul_le_mul_right'` has been deprecated: Use `mul_le_mul_left` instead
/workspace/shared/flt-n25-affine-regular-lift/WAffineConditionCostFamilyCheck.lean:492:0: warning: automatically included section variable(s) unused in theorem `MazurProof.N25F_WAffineConditionCost.wSectionIdealQuotient25Two_eq_zero_iff`:
  [Algebra.FiniteType (ZMod 2) S]
consider restructuring your `variable` declarations so that the variables are not in scope or explicitly omit them:
  omit [Algebra.FiniteType (ZMod 2) S] in theorem ...

Note: This linter can be disabled with `set_option linter.unusedSectionVars false`
'MazurProof.N25F_WAffineConditionCost.wSectionIdealQuotient25Two' depends on axioms: [propext,
 Classical.choice,
 Quot.sound]
'MazurProof.N25F_WAffineConditionCost.wSectionIdealQuotient25Two_eq_zero_iff' depends on axioms: [propext,
 Classical.choice,
 Quot.sound]
'MazurProof.N25F_WAffineConditionCost.wSectionIdealQuotient25Two_eq_zero_iff_orders' depends on axioms: [propext,
 Classical.choice,
 Quot.sound]
'MazurProof.N25F_WAffineConditionCost.finrank_basePole_le_kernel_add_ideal_quotient' depends on axioms: [propext,
 Classical.choice,
 Quot.sound]
'MazurProof.N25F_WAffineConditionCost.finrank_basePole_le_kernel_add_weighted_affine_cost' depends on axioms: [propext,
 Classical.choice,
 Quot.sound]
