/workspace/shared/flt-n25-polynomial-window/WPolynomialWindowFamilyCheck.lean:496:0: warning: automatically included section variable(s) unused in theorem `MazurProof.N25F_WPolynomialWindow.basePolynomial_inFunctionField`:
  [IsDomain A]
consider restructuring your `variable` declarations so that the variables are not in scope or explicitly omit them:
  omit [IsDomain A] in theorem ...

Note: This linter can be disabled with `set_option linter.unusedSectionVars false`
/workspace/shared/flt-n25-polynomial-window/WPolynomialWindowFamilyCheck.lean:546:0: warning: automatically included section variable(s) unused in theorem `MazurProof.N25F_WPolynomialWindow.wPolynomialWindow25Two_linearIndependent`:
  [IsDomain A]
consider restructuring your `variable` declarations so that the variables are not in scope or explicitly omit them:
  omit [IsDomain A] in theorem ...

Note: This linter can be disabled with `set_option linter.unusedSectionVars false`
'MazurProof.N25F_WPolynomialWindow.wPolynomialWindow25Two' depends on axioms: [propext, Classical.choice, Quot.sound]
'MazurProof.N25F_WPolynomialWindow.wPolynomialWindow25Two_linearIndependent' depends on axioms: [propext,
 Classical.choice,
 Quot.sound]
'MazurProof.N25F_WPolynomialWindow.wPolynomialWindow25Two_mem' depends on axioms: [propext,
 Classical.choice,
 Quot.sound]
'MazurProof.N25F_WPolynomialWindow.four_mul_succ_le_finrank_basePole_space' depends on axioms: [propext,
 Classical.choice,
 Quot.sound]
'MazurProof.N25F_WPolynomialWindow.four_mul_le_finrank_basePole_add_constant' depends on axioms: [propext,
 Classical.choice,
 Quot.sound]
