/workspace/shared/flt-n25-zero-degree-constants/ZeroDegreeConstantsFamilyCheck.lean:324:69: error(lean.unknownIdentifier): Unknown identifier `hmin`
/workspace/shared/flt-n25-zero-degree-constants/ZeroDegreeConstantsFamilyCheck.lean:329:95: error(lean.unknownIdentifier): Unknown identifier `hmin`
/workspace/shared/flt-n25-zero-degree-constants/ZeroDegreeConstantsFamilyCheck.lean:343:93: error: Invalid argument name `hmin` for function `fullPrincipalDivisor_eq_zero_iff`

Hint: Perhaps you meant one of the following parameter names:
  • `L`: h̵m̵i̵n̵L̲
  • `R`: h̵m̵i̵n̵R̲
  • `f`: h̵m̵i̵n̵f̲
'MazurProof.N25F_ZeroDegreeConstants.one_mem_fullRiemannRochSpace25Two_zero' depends on axioms: [propext,
 Classical.choice,
 Quot.sound]
'MazurProof.N25F_ZeroDegreeConstants.xBoundaryOrder_eq_zero_of_mem_zero' depends on axioms: [propext,
 Classical.choice,
 Quot.sound]
'MazurProof.N25F_ZeroDegreeConstants.mem_fullRiemannRochSpace25Two_zero_iff' depends on axioms: [propext,
 Classical.choice,
 Quot.sound]
'MazurProof.N25F_ZeroDegreeConstants.fullRiemannRochSpace25Two_zero_eq_span_one' depends on axioms: [propext,
 Classical.choice,
 Quot.sound]
'MazurProof.N25F_ZeroDegreeConstants.fullRiemannRochSpace25Two_zero_finite' depends on axioms: [propext,
 Classical.choice,
 Quot.sound]
'MazurProof.N25F_ZeroDegreeConstants.finrank_fullRiemannRochSpace25Two_zero' depends on axioms: [propext,
 Classical.choice,
 Quot.sound]
'MazurProof.N25F_ZeroDegreeConstants.fullPrincipalDivisor_eq_zero_iff' depends on axioms: [propext,
 sorryAx,
 Classical.choice,
 Quot.sound]
'MazurProof.N25F_ZeroDegreeConstants.fullPrincipalDivisor_injective' depends on axioms: [propext,
 sorryAx,
 Classical.choice,
 Quot.sound]
