/workspace/shared/flt-n25-weighted-reindexing/check_project/FLT/Assumptions/MazurProof/N25F_ExactCountQuotientDegree.lean:25:6: error: Tactic `rewrite` failed: Did not find an occurrence of the pattern
  d.sum fun v m => m * ?w v.asIdeal
in the target expression
  (d.sum fun v m => m * ↑(Module.finrank k (R ⧸ v.asIdeal))) = ↑(Module.finrank k (R ⧸ I))

R : Type u_1
inst✝⁸ : CommRing R
inst✝⁷ : IsDedekindDomain R
K : Type u_2
inst✝⁶ : Field K
inst✝⁵ : Algebra R K
inst✝⁴ : IsFractionRing R K
k : Type u_3
inst✝³ : Field k
inst✝² : Finite k
inst✝¹ : Algebra k R
I : Ideal R
hI : I ≠ ⊥
inst✝ : Module.Finite k (R ⧸ I)
d : IsDedekindDomain.HeightOneSpectrum R →₀ ℤ
hcount : ∀ (v : IsDedekindDomain.HeightOneSpectrum R), FractionalIdeal.count K v ↑I = d v
⊢ (d.sum fun v m => m * ↑(Module.finrank k (R ⧸ v.asIdeal))) = ↑(Module.finrank k (R ⧸ I))
