/workspace/shared/flt-n25-principal-shift/AffineNonpositiveRepresentativeFamilyCheck.lean:737:15: warning: Variable name `ha` is not explicitly referenced.

The binding can be removed (if unused) or named `_` (if used implicitly).

Note: This linter can be disabled with `set_option linter.unusedVariables false`
/workspace/shared/flt-n25-principal-shift/AffineNonpositiveRepresentativeFamilyCheck.lean:799:0: warning: automatically included section variable(s) unused in theorem `MazurProof.N25F_AffineNonpositiveRepresentative.exists_principal_affine_majorant25Two`:
  [Algebra (ZMod 2) (FractionRing S)]
consider restructuring your `variable` declarations so that the variables are not in scope or explicitly omit them:
  omit [Algebra (ZMod 2) (FractionRing S)] in theorem ...

Note: This linter can be disabled with `set_option linter.unusedSectionVars false`
'MazurProof.N25F_AffineNonpositiveRepresentative.exists_principal_affine_majorant25Two' depends on axioms: [propext,
 Classical.choice,
 Quot.sound]
'MazurProof.N25F_AffineNonpositiveRepresentative.affineNonpositiveRepresentative25Two' depends on axioms: [propext,
 Classical.choice,
 Quot.sound]
'MazurProof.N25F_AffineNonpositiveRepresentative.affineNonpositiveRepresentative25Two_nonBoundary' depends on axioms: [propext,
 Classical.choice,
 Quot.sound]
'MazurProof.N25F_AffineNonpositiveRepresentative.affineNonpositiveRepresentative25Two_degree' depends on axioms: [propext,
 Classical.choice,
 Quot.sound]
'MazurProof.N25F_AffineNonpositiveRepresentative.affineNonpositiveRepresentative25Two_classOf' depends on axioms: [propext,
 Classical.choice,
 Quot.sound]
'MazurProof.N25F_AffineNonpositiveRepresentative.affineNonpositiveRepresentative25Two_finrank' depends on axioms: [propext,
 Classical.choice,
 Quot.sound]
'MazurProof.N25F_AffineNonpositiveRepresentative.affineNonpositiveRepresentative25Two_le_basePole_multiple' depends on axioms: [propext,
 Classical.choice,
 Quot.sound]
'MazurProof.N25F_AffineNonpositiveRepresentative.affineRepresentative_complement_degree' depends on axioms: [propext,
 Classical.choice,
 Quot.sound]
