Current branch: HEAD
Using cache (Azure) from origin: (some leanprover-community/mathlib4)
Attempting to download 115 file(s) from leanprover-community/mathlib4 cache

Downloaded: 1 file(s) [attempted 1/115 = 0%, 1 KB/s], Decompressed: 0[K
Downloaded: 3 file(s) [attempted 3/115 = 2%, 10 KB/s], Decompressed: 1[K
Downloaded: 6 file(s) [attempted 6/115 = 5%, 22 KB/s], Decompressed: 3[K
Downloaded: 8 file(s) [attempted 8/115 = 6%, 3 KB/s], Decompressed: 6[K
Downloaded: 10 file(s) [attempted 10/115 = 8%, 19 KB/s], Decompressed: 8[K
Downloaded: 12 file(s) [attempted 12/115 = 10%, 1 KB/s], Decompressed: 10[K
Downloaded: 15 file(s) [attempted 15/115 = 13%, 8 KB/s], Decompressed: 12[K
Downloaded: 19 file(s) [attempted 19/115 = 16%, 5 KB/s], Decompressed: 15[K
Downloaded: 21 file(s) [attempted 21/115 = 18%, 20 KB/s], Decompressed: 19[K
Downloaded: 24 file(s) [attempted 24/115 = 20%, 2 KB/s], Decompressed: 21[K
Downloaded: 26 file(s) [attempted 26/115 = 22%, 26 KB/s], Decompressed: 24[K
Downloaded: 30 file(s) [attempted 30/115 = 26%, 18 KB/s], Decompressed: 26[K
Downloaded: 33 file(s) [attempted 33/115 = 28%, 1 KB/s], Decompressed: 30[K
Downloaded: 37 file(s) [attempted 37/115 = 32%, 5 KB/s], Decompressed: 35[K
Downloaded: 39 file(s) [attempted 39/115 = 33%, 9 KB/s], Decompressed: 37[K
Downloaded: 42 file(s) [attempted 42/115 = 36%, 3 KB/s], Decompressed: 39[K
Downloaded: 44 file(s) [attempted 44/115 = 38%, 2 KB/s], Decompressed: 42[K
Downloaded: 46 file(s) [attempted 46/115 = 40%, 15 KB/s], Decompressed: 44[K
Downloaded: 48 file(s) [attempted 48/115 = 41%, 1 KB/s], Decompressed: 46[K
Downloaded: 51 file(s) [attempted 51/115 = 44%, 1 KB/s], Decompressed: 48[K
Downloaded: 55 file(s) [attempted 55/115 = 47%, 2 KB/s], Decompressed: 53[K
Downloaded: 57 file(s) [attempted 57/115 = 49%, 6 KB/s], Decompressed: 55[K
Downloaded: 60 file(s) [attempted 60/115 = 52%, 13 KB/s], Decompressed: 57[K
Downloaded: 62 file(s) [attempted 62/115 = 53%, 21 KB/s], Decompressed: 60[K
Downloaded: 64 file(s) [attempted 64/115 = 55%, 6 KB/s], Decompressed: 62[K
Downloaded: 66 file(s) [attempted 66/115 = 57%, 4 KB/s], Decompressed: 64[K
Downloaded: 69 file(s) [attempted 69/115 = 60%, 1 KB/s], Decompressed: 66[K
Downloaded: 73 file(s) [attempted 73/115 = 63%, 18 KB/s], Decompressed: 71[K
Downloaded: 75 file(s) [attempted 75/115 = 65%, 25 KB/s], Decompressed: 73[K
Downloaded: 78 file(s) [attempted 78/115 = 67%, 16 KB/s], Decompressed: 75[K
Downloaded: 80 file(s) [attempted 80/115 = 69%, 6 KB/s], Decompressed: 78[K
Downloaded: 82 file(s) [attempted 82/115 = 71%, 30 KB/s], Decompressed: 80[K
Downloaded: 85 file(s) [attempted 85/115 = 73%, 19 KB/s], Decompressed: 82[K
Downloaded: 87 file(s) [attempted 87/115 = 75%, 5 KB/s], Decompressed: 85[K
Downloaded: 89 file(s) [attempted 89/115 = 77%, 7 KB/s], Decompressed: 87[K
Downloaded: 91 file(s) [attempted 91/115 = 79%, 14 KB/s], Decompressed: 89[K
Downloaded: 94 file(s) [attempted 94/115 = 81%, 6 KB/s], Decompressed: 91[K
Downloaded: 96 file(s) [attempted 96/115 = 83%, 6 KB/s], Decompressed: 94[K
Downloaded: 100 file(s) [attempted 100/115 = 86%, 37 KB/s], Decompressed: 96[K
Downloaded: 105 file(s) [attempted 105/115 = 91%, 5 KB/s], Decompressed: 100[K
Downloaded: 107 file(s) [attempted 107/115 = 93%, 7 KB/s], Decompressed: 105[K
Downloaded: 109 file(s) [attempted 109/115 = 94%, 52 KB/s], Decompressed: 107[K
Downloaded: 112 file(s) [attempted 112/115 = 97%, 29 KB/s], Decompressed: 109[K
Downloaded: 115 file(s) [attempted 115/115 = 100%, 29 KB/s], Decompressed: 109[K
Decompressed 115 file(s)
Already decompressed 2549 file(s)
