/workspace/shared/flt-n25-xchart-injective/XChartInjectiveCheck.lean:468:2: warning: Try `simp at heq` instead of `simpa using heq`

Note: This linter can be disabled with `set_option linter.unnecessarySimpa false`
/workspace/shared/flt-n25-xchart-injective/XChartInjectiveCheck.lean:473:0: warning: automatically included section variable(s) unused in theorem `MazurProof.N25F_XChartFractionMap.fraction_qx_ne_zero`:
  [IsDomain W]
consider restructuring your `variable` declarations so that the variables are not in scope or explicitly omit them:
  omit [IsDomain W] in theorem ...

Note: This linter can be disabled with `set_option linter.unusedSectionVars false`
/workspace/shared/flt-n25-xchart-injective/XChartInjectiveCheck.lean:477:8: warning: automatically included section variable(s) unused in theorem `_private._stdin.0.MazurProof.N25F_XChartFractionMap.wChartPoint_eq`:
  [IsDomain W]
consider restructuring your `variable` declarations so that the variables are not in scope or explicitly omit them:
  omit [IsDomain W] in theorem ...

Note: This linter can be disabled with `set_option linter.unusedSectionVars false`
/workspace/shared/flt-n25-xchart-injective/XChartInjectiveCheck.lean:507:8: warning: try 'simp' instead of 'simpa'

Note: This linter can be disabled with `set_option linter.unnecessarySimpa false`
/workspace/shared/flt-n25-xchart-injective/XChartInjectiveCheck.lean:761:43: warning: This simp argument is unused:
  map_one

Hint: Omit it from the simp argument list.
  simp only [wChartToXChart_qz, map_add, m̵a̵p̵_̵o̵n̵e̵,̵ ̵xChartToWChart_xY,
  ̵  ̵ ̵ ̵ ̵ ̵xChartToWChart_xZ, xChartToWChart_xW]

Note: This linter can be disabled with `set_option linter.unusedSimpArgs false`
/workspace/shared/flt-n25-xchart-injective/XChartInjectiveCheck.lean:916:2: warning: Try `simp at h01` instead of `simpa using h01`

Note: This linter can be disabled with `set_option linter.unnecessarySimpa false`
MazurProof.N25F_XChartFractionInjective.originEval : MazurProof.N25F_NonBoundaryPrincipalDivisor.W →ₐ[ZMod 2] ZMod 2
'MazurProof.N25F_XChartFractionInjective.originEval' depends on axioms: [propext, Classical.choice, Quot.sound]
MazurProof.N25F_XChartFractionInjective.originEval_qx : MazurProof.N25F_XChartFractionInjective.originEval
    MazurProof.RationalPointsN25QuotientTwoWOpenPrimeSurjective.qx =
  0
'MazurProof.N25F_XChartFractionInjective.originEval_qx' depends on axioms: [propext, Classical.choice, Quot.sound]
MazurProof.N25F_XChartFractionInjective.qx_pow_ne_one : ∀ (n : ℕ),
  0 < n → MazurProof.RationalPointsN25QuotientTwoWOpenPrimeSurjective.qx ^ n ≠ 1
'MazurProof.N25F_XChartFractionInjective.qx_pow_ne_one' depends on axioms: [propext, Classical.choice, Quot.sound]
@MazurProof.N25F_XChartFractionInjective.xChartToFraction_injective : ∀
  [inst : IsDedekindDomain MazurProof.N25F_NonBoundaryPrincipalDivisor.W],
  Function.Injective ⇑MazurProof.N25F_XChartFractionMap.xChartToFraction
'MazurProof.N25F_XChartFractionInjective.xChartToFraction_injective' depends on axioms: [propext,
 Classical.choice,
 Quot.sound]
