/workspace/shared/flt-n25-xboundary-order/XBoundaryOrderCheck.lean:101:0: warning: automatically included section variable(s) unused in theorem `MazurProof.N25F_XLocalDVR.xW_mem_xPrime`:
  [IsDedekindDomain W]
consider restructuring your `variable` declarations so that the variables are not in scope or explicitly omit them:
  omit [IsDedekindDomain W] in theorem ...

Note: This linter can be disabled with `set_option linter.unusedSectionVars false`
/workspace/shared/flt-n25-xboundary-order/XBoundaryOrderCheck.lean:228:0: error: (deterministic) timeout at `whnf`, maximum number of heartbeats (200000) has been reached

Note: Use `set_option maxHeartbeats <num>` to set the limit.

Hint: Additional diagnostic information may be available using the `set_option diagnostics true` command.
/workspace/shared/flt-n25-xboundary-order/XBoundaryOrderCheck.lean:240:8: error: (kernel) unknown constant 'MazurProof.N25F_XBoundaryOrder.xLocalFractionOrder_xWGerm'
@MazurProof.N25F_XBoundaryOrder.xLocalToFraction_isFractionRing : ∀
  [inst : IsDedekindDomain MazurProof.N25F_NonBoundaryPrincipalDivisor.W],
  IsFractionRing MazurProof.RationalPointsN25QuotientTwoWBoundaryXLocal.XLocalRing
    (FractionRing MazurProof.N25F_NonBoundaryPrincipalDivisor.W)
'MazurProof.N25F_XBoundaryOrder.xLocalToFraction_isFractionRing' depends on axioms: [propext,
 Classical.choice,
 Quot.sound]
@MazurProof.N25F_XBoundaryOrder.xLocalFractionOrder : [IsDedekindDomain MazurProof.N25F_NonBoundaryPrincipalDivisor.W] →
  FractionRing MazurProof.N25F_NonBoundaryPrincipalDivisor.W →*₀ WithZero (Multiplicative ℤ)
'MazurProof.N25F_XBoundaryOrder.xLocalFractionOrder' depends on axioms: [propext, Classical.choice, Quot.sound]
@MazurProof.N25F_XBoundaryOrder.xBoundaryOrder : [IsDedekindDomain MazurProof.N25F_NonBoundaryPrincipalDivisor.W] →
  Additive (FractionRing MazurProof.N25F_NonBoundaryPrincipalDivisor.W)ˣ →+ ℤ
'MazurProof.N25F_XBoundaryOrder.xBoundaryOrder' depends on axioms: [propext, Classical.choice, Quot.sound]
@MazurProof.N25F_XBoundaryOrder.xLocalFractionOrder_xWGerm : ∀
  [inst : IsDedekindDomain MazurProof.N25F_NonBoundaryPrincipalDivisor.W],
  Ring.ord MazurProof.RationalPointsN25QuotientTwoWBoundaryXLocal.XLocalRing
        MazurProof.RationalPointsN25QuotientTwoWBoundaryXLocal.xWGerm =
      3 →
    MazurProof.N25F_XBoundaryOrder.xLocalFractionOrder
        (MazurProof.N25F_XLocalFractionEmbedding.xLocalToFraction
          MazurProof.RationalPointsN25QuotientTwoWBoundaryXLocal.xWGerm) =
      WithZero.exp 3
'MazurProof.N25F_XBoundaryOrder.xLocalFractionOrder_xWGerm' does not depend on any axioms
@MazurProof.N25F_XBoundaryOrder.xBoundaryOrder_qx : ∀
  [inst : IsDedekindDomain MazurProof.N25F_NonBoundaryPrincipalDivisor.W],
  Ring.ord MazurProof.RationalPointsN25QuotientTwoWBoundaryXLocal.XLocalRing
        MazurProof.RationalPointsN25QuotientTwoWBoundaryXLocal.xWGerm =
      3 →
    MazurProof.N25F_XBoundaryOrder.xBoundaryOrder
        (Additive.ofMul
          (Units.mk0
            ((algebraMap MazurProof.N25F_NonBoundaryPrincipalDivisor.W
                (FractionRing MazurProof.N25F_NonBoundaryPrincipalDivisor.W))
              MazurProof.RationalPointsN25QuotientTwoWOpenPrimeSurjective.qx)
            ⋯)) =
      -3
'MazurProof.N25F_XBoundaryOrder.xBoundaryOrder_qx' depends on axioms: [propext,
 Classical.choice,
 Quot.sound,
 MazurProof.N25F_XBoundaryOrder.xBoundaryOrder_qx]
